total_time = 1.0378
***********************************************
Auction Process on hca_wmva.m, POC buses=[6, 3, 8]
Generation by Fuel[GW]
    hca    wind   solar nuclear   hydro    coal      ng      dl
  9.648  14.391   0.000   5.139   0.000  21.566  15.341   0.000
 Bus    HC [MW]
   6   4552.694
   3   3855.826
   8   1239.512
Merit order of upgrades:
 Br# From   To     muF      MVA      kV  Add MVA    Miles  Cost $M
   1    5    6  4.8935  2168.00  345.00  1084.00   142.43   508.49
  13    1    3  4.1832  3252.00  345.00  1084.00   212.56   753.96
   4    1    2  4.0474  2168.00  345.00  1084.00   207.00   734.49
   8    6    7  3.5878  2168.00  345.00  1084.00   199.86   709.52
   7    4    8  1.7354  2168.00  345.00  1084.00   214.74   761.59
   9    2    5  0.3557  6504.00  345.00  1084.00   148.51   529.78
  11    3    4  0.0190  2168.00  345.00  1084.00   147.63   526.71
***********************************************
Queue Process on 3 applications for hca_wmva.m
Processing application for 5000.00 MW at bus 6
  Added 5000.00 MW solar at bus 6 for $0.000M
Processing application for 4400.00 MW at bus 3
  HC=4122.50 MW, upgrade branch 1 by 1.5000 at $508.489M
  IX Cost $508.489M is too high, HC=4422.132 MW
Processing application for 2000.00 MW at bus 8
  HC=1239.51 MW, upgrade branch 1 by 1.5000 at $508.489M
  HC=1239.51 MW, upgrade branch 7 by 1.5000 at $761.593M
  Added 2000.00 MW wind at bus 8 for $1270.082M
